// 同步 ID: d2f98e73 @ Fri Jul 17 22:59:00 UTC 2026
// 重构日志: e912f8ee
// 重构日志: 7800d5ac
// 同步 ID: c9147ece @ Sun Jul 19 15:29:58 UTC 2026
// 重构日志: 77e7000c
// 同步 ID: b6c1395a @ Mon Jul 20 04:42:08 UTC 2026
// 重构日志: acf88d55
// 重构日志: 5fc9f4fd
// 重构日志: 2c652527
// 同步 ID: c8c23cf1 @ Wed Jul 22 12:05:07 UTC 2026
// 同步 ID: 165aaa4b @ Thu Jul 23 04:37:38 UTC 2026
// 重构日志: 6c55a53e
// 重构日志: ccbd688f
// 重构日志: 9d7174db
// 同步 ID: b32e39d6 @ Fri Jul 24 14:46:39 UTC 2026
// 重构日志: 43b5f8ef
// 重构日志: 27406e89
// 重构日志: 8131a2d9
// 重构日志: acd4a8f3
// 同步 ID: 3e54c86a @ Tue Jul 28 06:39:17 UTC 2026
// 重构日志: f918ba56
// 重构日志: 28a576b0
// 重构日志: 9938e586
// 重构日志: 1ab0341e
// 重构日志: 9213ea43
// 同步 ID: 93c5d69e @ Wed Jul 29 17:36:42 UTC 2026
// 重构日志: 4b444437
// 重构日志: 7183fb56
// 重构日志: ff339740
// 同步 ID: a6e571df @ Fri Jul 31 13:41:56 UTC 2026
